// Vitest Snapshot v1, https://vitest.dev/guide/snapshot.html

exports[`renders successfuly 1`] = `
<div>
  <div
    class="px-5 py-2"
  >
    <div
      class="grid grid-cols-6 items-end"
    >
      <div
        class="col-span-4"
      >
        <label
          class="text-sm font-medium text-gray-800 dark:text-white"
          for="field-id"
        >
          Label
        </label>
        <p
          class="text-xs text-gray-500 dark:text-gray-400"
        >
          Description
        </p>
      </div>
      <div
        class="col-span-2 text-right"
      >
        children
      </div>
    </div>
    <div
      class="mt-2"
    >
      bottom
    </div>
  </div>
</div>
`;
