// Vitest Snapshot v1, https://vitest.dev/guide/snapshot.html

exports[`renders successfuly 1`] = `
<div>
  <footer
    class="relative flex w-full justify-between text-xs transition-opacity dark:text-white opacity-1"
  >
    <div
      class="w-40"
    >
      <div>
        <label
          class="sr-only"
          for="locale"
        >
          Language
        </label>
        <select
          class="w-full cursor-pointer rounded-md border-gray-300 text-sm dark:text-gray-700"
          id="locale"
        >
          <option
            value="en"
          >
            English
          </option>
          <option
            value="pt"
          >
            PortuguÃªs
          </option>
        </select>
      </div>
    </div>
    <button
      class="px-2 pb-2 pt-2 text-3xl dark:text-white rounded-md hover:bg-white hover:shadow-sm dark:hover:bg-slate-800"
      title="About"
      type="button"
    >
      <svg
        class="h-6 w-6"
        fill="none"
        stroke="currentColor"
        stroke-width="1.5"
        viewBox="0 0 24 24"
        xmlns="http://www.w3.org/2000/svg"
      >
        <path
          d="M11.25 11.25l.041-.02a.75.75 0 011.063.852l-.708 2.836a.75.75 0 001.063.853l.041-.021M21 12a9 9 0 11-18 0 9 9 0 0118 0zm-9-3.75h.008v.008H12V8.25z"
          stroke-linecap="round"
          stroke-linejoin="round"
        />
      </svg>
    </button>
    <div
      class="absolute  w-full rounded-md  bg-white py-2 shadow-md dark:bg-slate-800 sm:w-80 hidden right-0 bottom-full rounded-br-none z-10"
    >
      <section
        class="px-3 py-1"
      >
        <h1
          class="text-lg font-bold"
        >
          SereneBreath
        </h1>
        <p
          class="mt-2 text-xs"
        >
          SereneBreath.com is a small webapp to help you improve your breathing, relaxing and managing your stress.
        </p>
        <p
          class="mt-2 text-xs"
        >
          This project is open source and open for new contributions. Check out its repo for more info:
           
          <a
            class="text-blue-600 underline dark:text-sky-300"
            href="https://github.com/gsantiago/SereneBreath"
            target="_blank"
          >
            Github Repo.
          </a>
        </p>
        <p
          class="mt-2 text-xs"
        >
          English and bell audio files are from the great Breathly app, which also inspired this app.
           
          <a
            class="text-blue-600 underline dark:text-sky-300"
            href="https://breathly.app/"
            target="_blank"
          >
            Breathly Site.
          </a>
        </p>
        <div
          class="mt-5 text-center"
        >
          <small
            class="text-xs text-gray-400"
          >
            v0.0.1
          </small>
        </div>
      </section>
    </div>
  </footer>
</div>
`;
