// Vitest Snapshot v1, https://vitest.dev/guide/snapshot.html

exports[`renders successfuly 1`] = `
<div>
  <div>
    <label
      class="sr-only"
      for="locale"
    >
      Language
    </label>
    <select
      class="w-full cursor-pointer rounded-md border-gray-300 text-sm dark:text-gray-700"
      id="locale"
    >
      <option
        value="en"
      >
        English
      </option>
      <option
        value="pt"
      >
        PortuguÃªs
      </option>
    </select>
  </div>
</div>
`;
