// Vitest Snapshot v1, https://vitest.dev/guide/snapshot.html

exports[`renders successfuly 1`] = `
<div>
  <p
    class="m-0 text-center text-3xl dark:text-white"
  >
    01:40
  </p>
</div>
`;
